<html>
<body>
<pre>
<h1>µVision Build Log</h1>
<h2>Tool Versions:</h2>
IDE-Version: µVision V5.29.0.0
Copyright (C) 2019 ARM Ltd and ARM Germany GmbH. All rights reserved.
License Information: b o, p, LIC=----
 
Tool Versions:
Toolchain:       MDK-Lite  Version: 5.29.0.0
Toolchain Path:  D:\Keil\ARM\ARMCC\Bin
C Compiler:      Armcc.exe V5.06 update 6 (build 750)
Assembler:       Armasm.exe V5.06 update 6 (build 750)
Linker/Locator:  ArmLink.exe V5.06 update 6 (build 750)
Library Manager: ArmAr.exe V5.06 update 6 (build 750)
Hex Converter:   FromElf.exe V5.06 update 6 (build 750)
CPU DLL:         SARMCM3.DLL V5.29.0.0
Dialog DLL:      DCM.DLL V1.17.3.0
Target DLL:      STLink\ST-LINKIII-KEIL_SWO.dll V3.0.7.0
Dialog DLL:      TCM.DLL V1.36.5.0
 
<h2>Project:</h2>
D:\Nowy folder (3)\Ethernet_Modubus_TCP_Module\MDK-ARM\modbus_module.uvprojx
Project File Date:  02/04/2020

<h2>Output:</h2>
*** Using Compiler 'V5.06 update 6 (build 750)', folder: 'D:\Keil\ARM\ARMCC\Bin'
Rebuild target 'modbus_module'
assembling startup_stm32f103xe.s...
compiling stm32f1xx_hal_msp.c...
compiling stm32f1xx_it.c...
compiling enc28j60.c...
compiling app_ethernet.c...
compiling ethernetif.c...
compiling modbus_client.c...
..\Src\modbus_client.c(462): warning:  #177-D: variable "unit_id"  was declared but never referenced
  	uint8_t unit_id = message[6];
..\Src\modbus_client.c(465): warning:  #177-D: variable "length"  was declared but never referenced
  	uint16_t length = message[5] | (message[4] << 8);
..\Src\modbus_client.c: 2 warnings, 0 errors
compiling main.c...
..\Src\main.c(185): warning:  #550-D: variable "RCC_ClkInitStruct"  was set but never used
      RCC_ClkInitTypeDef RCC_ClkInitStruct = {0};
..\Src\main.c(355): warning:  #177-D: function "Dac_init"  was declared but never referenced
  static void Dac_init(void)
..\Src\main.c: 2 warnings, 0 errors
compiling stm32f1xx_hal_gpio_ex.c...
compiling stm32f1xx_hal_spi_ex.c...
compiling stm32f1xx_hal_spi.c...
compiling stm32f1xx_hal.c...
compiling stm32f1xx_hal_tim.c...
compiling stm32f1xx_hal_tim_ex.c...
compiling stm32f1xx_hal_rcc_ex.c...
compiling stm32f1xx_hal_rcc.c...
compiling stm32f1xx_hal_gpio.c...
compiling stm32f1xx_hal_pwr.c...
compiling stm32f1xx_hal_cortex.c...
compiling stm32f1xx_hal_dma.c...
compiling stm32f1xx_hal_flash.c...
compiling stm32f1xx_hal_flash_ex.c...
compiling stm32f1xx_hal_adc.c...
stm32f1xx_hal_adc.c(2075): warning:  #1-D: last line of file ends without a newline
  /************************ (C) COPYRIGHT STMicroelectronics *****END OF FILE****/
stm32f1xx_hal_adc.c: 1 warning, 0 errors
compiling stm32f1xx_hal_dac.c...
compiling stm32f1xx_hal_adc_ex.c...
compiling stm32f1xx_hal_dac_ex.c...
compiling stm32f1xx_ll_adc.c...
compiling stm32f1xx_ll_dac.c...
compiling stm32f1xx_ll_usart.c...
compiling stm32f1xx_hal_usart.c...
compiling stm32f1xx_hal_uart.c...
compiling def.c...
compiling dns.c...
compiling mem.c...
compiling memp.c...
compiling system_stm32f1xx.c...
compiling netif.c...
compiling pbuf.c...
compiling raw.c...
compiling stats.c...
compiling sys.c...
compiling tcp.c...
compiling init.c...
compiling tcp_in.c...
compiling tcp_out.c...
compiling timers.c...
compiling udp.c...
compiling ethernetif.c...
compiling etharp.c...
compiling slipif.c...
compiling autoip.c...
compiling igmp.c...
compiling icmp.c...
compiling inet.c...
compiling inet_chksum.c...
compiling ip_addr.c...
compiling ip.c...
compiling ip_frag.c...
compiling dhcp.c...
linking...
Program Size: Code=29216 RO-data=608 RW-data=408 ZI-data=23312  
FromELF: creating hex file...
"modbus_module\modbus_module.axf" - 0 Error(s), 5 Warning(s).

<h2>Software Packages used:</h2>

Package Vendor: ARM
                http://www.keil.com/pack/ARM.CMSIS.5.6.0.pack
                ARM.CMSIS.5.6.0
                CMSIS (Cortex Microcontroller Software Interface Standard)
   * Component: CORE Version: 5.3.0

Package Vendor: Keil
                http://www.keil.com/pack/Keil.STM32F1xx_DFP.2.3.0.pack
                Keil.STM32F1xx_DFP.2.3.0
                STMicroelectronics STM32F1 Series Device Support, Drivers and Examples

<h2>Collection of Component include folders:</h2>
  .\RTE\_modbus_module
  D:\Keil\Package\ARM\CMSIS\5.6.0\CMSIS\Core\Include
  D:\Keil\Package\Keil\STM32F1xx_DFP\2.3.0\Device\Include

<h2>Collection of Component Files used:</h2>

   * Component: ARM::CMSIS:CORE:5.3.0
Build Time Elapsed:  00:00:19
</pre>
</body>
</html>
